WC3DotaHQTest: 12006 files
WC3Dota2Test: 2039 files
WC3WardotaTest: 1291 files
Units: 144 files
Doodads: 69 files
TerrainArt: 22 files
Textures: 4 files
UI: 5 files
Abilities: 5 files
Buildings: 22 files
Objects: 2 files
ReplaceableTextures: 1 files
SPELLS: 2 files
Environment: 1 files
effects: 1 files
ssance: 1 files
Ton_ucki: 12 files
Icon Audit: 5330 files
assets: 9 files
Files by kind: {"texture": 5263, "model": 1980, "sound": 6173, "terrain": 24, "icon": 3521, "icon_disabled": 3658, "ui": 248, "data": 64, "portrait": 24, "other": 11}
Manifest: /Volumes/Data/RECOVERY/Games/Warcraft 3/Warcraft III macOS 64bit/Warcraft III/Dota Mod Project/Tools/HeroWorkshop/HeroWorkshop_inventory/manifest/manifest.json
Archive to share: /Volumes/Data/RECOVERY/Games/Warcraft 3/Warcraft III macOS 64bit/Warcraft III/Dota Mod Project/Tools/HeroWorkshop/HeroWorkshop_inventory/manifest.zip (159.2 MB)
EXIT 0
